INFO: Purging infrastructure for fresh start...
INFO:   Terminating stale process unknown (pid=55382) matching 'deephaven'...
INFO: Starting market data server on port 8000...
INFO: HTTP Request: GET http://localhost:8000/md/health "HTTP/1.1 200 OK"
INFO: Market data server started on port 8000
INFO: StreamingServer started via Docker (container=dh-streaming-10000) on port 10000
INFO: Connecting to Market Data at ws://localhost:8000/md/subscribe...
INFO: Market Data connection established.
INFO: Starting Bokeh server version 3.9.0 (running on Tornado 6.5.5)
INFO: User authentication hooks NOT provided (default user enabled)
INFO: Triggered fit for batch
============================================================
  SWAP CURVE ANALYTICS DASHBOARD — ROBUST LAUNCHER
  Dual-Engine Fitting: py-flow vs QuantLib
============================================================
→ Purging stale infra to ensure fresh code is picked up...
→ Starting MarketDataServer (Live OIS Feed)...
→ Starting StreamingServer (Deephaven Engine)...
→ Launching Dashboard on http://localhost:8050
  (Close terminal or use Ctrl+C to shutdown all services)

Launching server at http://localhost:8050
    [Fitter] Initial guess bootstrap: USD_OIS_LIN_1.0Y...
    [Fitter] Initial guess bootstrap: USD_OIS_LIN_2.0Y...
    [Fitter] Initial guess bootstrap: USD_OIS_LIN_3.0Y...
    [Fitter] Initial guess bootstrap: USD_OIS_LIN_5.0Y...
    [Fitter] Initial guess bootstrap: USD_OIS_LIN_7.0Y...
    [Fitter] Initial guess bootstrap: USD_OIS_LIN_10.0Y...
    [Fitter] Initial guess bootstrap: USD_OIS_LIN_12.0Y...
    [Fitter] Initial guess bootstrap: USD_OIS_LIN_15.0Y...
    [Fitter] Initial guess bootstrap: USD_OIS_LIN_20.0Y...
    [Fitter] Initial guess bootstrap: USD_OIS_LIN_30.0Y...
  [Fitter] Starting solve (10 pillars, method=trf)...
    [Fitter] Iteration x=[0.011546   0.0124506  0.01305374 0.01539234 0.01724251 0.02050241
 0.02267848 0.02603973 0.03323407 0.05062647] -> NormNPVs=[ 1.70257408e-16  5.52972779e-17 -1.10594556e-16  3.60887498e-16
 -1.11758709e-15  4.65661287e-17  2.79396772e-16 -8.38190317e-16
 -1.76951289e-15  9.31322575e-17]
  [Fitter] Solve complete. Status: 1
  [Fitter] Starting Jacobian calculation...
  [Fitter] Jacobian published.
    [Fitter] Initial guess bootstrap: USD_OIS_SMOOTH_1.0Y...
    [Fitter] Initial guess bootstrap: USD_OIS_SMOOTH_2.0Y...
    [Fitter] Initial guess bootstrap: USD_OIS_SMOOTH_3.0Y...
    [Fitter] Initial guess bootstrap: USD_OIS_SMOOTH_5.0Y...
    [Fitter] Initial guess bootstrap: USD_OIS_SMOOTH_7.0Y...
    [Fitter] Initial guess bootstrap: USD_OIS_SMOOTH_10.0Y...
    [Fitter] Initial guess bootstrap: USD_OIS_SMOOTH_12.0Y...
    [Fitter] Initial guess bootstrap: USD_OIS_SMOOTH_15.0Y...
    [Fitter] Initial guess bootstrap: USD_OIS_SMOOTH_20.0Y...
    [Fitter] Initial guess bootstrap: USD_OIS_SMOOTH_30.0Y...
  [Fitter] Starting solve (10 pillars, method=trf)...
    [Fitter] Iteration x=[0.01147985 0.01237373 0.01296928 0.01527994 0.01709409 0.02030894
 0.02243293 0.02572764 0.03270581 0.0496255 ] -> NormNPVs=[ 5.67524694e-17  5.23868948e-17 -5.82076609e-18 -3.49245965e-17
  2.32830644e-17 -2.32830644e-17  0.00000000e+00 -4.65661287e-17
  0.00000000e+00  0.00000000e+00]
  [Fitter] Solve complete. Status: 1
  [Fitter] Starting Jacobian calculation...
  [Fitter] Jacobian published.
    [Fitter] Initial guess bootstrap: USD_OIS_CUBIC_1.0Y...
    [Fitter] Initial guess bootstrap: USD_OIS_CUBIC_2.0Y...
    [Fitter] Initial guess bootstrap: USD_OIS_CUBIC_3.0Y...
    [Fitter] Initial guess bootstrap: USD_OIS_CUBIC_5.0Y...
    [Fitter] Initial guess bootstrap: USD_OIS_CUBIC_7.0Y...
    [Fitter] Initial guess bootstrap: USD_OIS_CUBIC_10.0Y...
    [Fitter] Initial guess bootstrap: USD_OIS_CUBIC_12.0Y...
    [Fitter] Initial guess bootstrap: USD_OIS_CUBIC_15.0Y...
    [Fitter] Initial guess bootstrap: USD_OIS_CUBIC_20.0Y...
    [Fitter] Initial guess bootstrap: USD_OIS_CUBIC_30.0Y...
  [Fitter] Starting solve (10 pillars, method=trf)...
    [Fitter] Iteration x=[0.01147985 0.01237373 0.01296928 0.01527506 0.01709509 0.02029437
 0.022425   0.02570551 0.0326972  0.04937366] -> NormNPVs=[ 5.67524694e-17  5.23868948e-17 -5.82076609e-18  3.49245965e-17
  2.32830644e-17 -6.98491931e-17  0.00000000e+00 -4.65661287e-17
  0.00000000e+00  0.00000000e+00]
  [Fitter] Solve complete. Status: 1
  [Fitter] Starting Jacobian calculation...
  [Fitter] Jacobian published.
    [Fitter] Initial guess bootstrap: USD_OIS_CUBIC_SM_1.0Y...
    [Fitter] Initial guess bootstrap: USD_OIS_CUBIC_SM_2.0Y...
    [Fitter] Initial guess bootstrap: USD_OIS_CUBIC_SM_3.0Y...
    [Fitter] Initial guess bootstrap: USD_OIS_CUBIC_SM_5.0Y...
    [Fitter] Initial guess bootstrap: USD_OIS_CUBIC_SM_7.0Y...
    [Fitter] Initial guess bootstrap: USD_OIS_CUBIC_SM_10.0Y...
    [Fitter] Initial guess bootstrap: USD_OIS_CUBIC_SM_12.0Y...
    [Fitter] Initial guess bootstrap: USD_OIS_CUBIC_SM_15.0Y...
    [Fitter] Initial guess bootstrap: USD_OIS_CUBIC_SM_20.0Y...
    [Fitter] Initial guess bootstrap: USD_OIS_CUBIC_SM_30.0Y...
  [Fitter] Starting solve (10 pillars, method=trf)...
    [Fitter] Iteration x=[0.01147985 0.01237373 0.01296928 0.01533629 0.01695517 0.02274504
 0.02339547 0.5        0.5        0.5       ] -> NormNPVs=[ 5.67524694e-017  5.23868948e-017 -5.82076609e-018 -1.16415322e-017
  4.65661287e-017  0.00000000e+000  0.00000000e+000  1.46517282e+001
  1.81165352e+001  1.15222927e+235]
/home/dunstanm/py-flow/.venv/lib/python3.12/site-packages/scipy/optimize/_lsq/least_squares.py:965: RuntimeWarning: overflow encountered in dot
  initial_cost = 0.5 * np.dot(f0, f0)
/home/dunstanm/py-flow/.venv/lib/python3.12/site-packages/scipy/optimize/_lsq/trf.py:224: RuntimeWarning: overflow encountered in dot
  cost = 0.5 * np.dot(f, f)
/home/dunstanm/py-flow/.venv/lib/python3.12/site-packages/scipy/optimize/_lsq/common.py:115: RuntimeWarning: overflow encountered in power
  phi_prime = -np.sum(suf ** 2 / denom**3) / p_norm
/home/dunstanm/py-flow/.venv/lib/python3.12/site-packages/numpy/linalg/_linalg.py:2767: RuntimeWarning: overflow encountered in dot
  sqnorm = x.dot(x)
/home/dunstanm/py-flow/.venv/lib/python3.12/site-packages/scipy/optimize/_lsq/common.py:283: RuntimeWarning: overflow encountered in dot
  a = np.dot(v, v)
/home/dunstanm/py-flow/.venv/lib/python3.12/site-packages/scipy/optimize/_lsq/common.py:285: RuntimeWarning: overflow encountered in multiply
  a += np.dot(s * diag, s)
/home/dunstanm/py-flow/.venv/lib/python3.12/site-packages/scipy/optimize/_lsq/common.py:288: RuntimeWarning: overflow encountered in dot
  b = np.dot(g, s)
/home/dunstanm/py-flow/.venv/lib/python3.12/site-packages/scipy/optimize/_lsq/common.py:316: RuntimeWarning: invalid value encountered in scalar divide
  extremum = -0.5 * b / a
/home/dunstanm/py-flow/.venv/lib/python3.12/site-packages/scipy/optimize/_lsq/common.py:320: RuntimeWarning: invalid value encountered in multiply
  y = t * (a * t + b) + c
/home/dunstanm/py-flow/.venv/lib/python3.12/site-packages/scipy/optimize/_lsq/trf.py:353: RuntimeWarning: overflow encountered in dot
  cost_new = 0.5 * np.dot(f_new, f_new)
/home/dunstanm/py-flow/.venv/lib/python3.12/site-packages/scipy/optimize/_lsq/trf.py:354: RuntimeWarning: invalid value encountered in scalar subtract
  actual_reduction = cost - cost_new
  [Fitter] Solve complete. Status: 3
  [Fitter] Starting Jacobian calculation...
  [Fitter] Jacobian published.
INFO: Solver converged in 63598.1ms
    [Snapshot] Building forward curves (360 knots)...
